
Noe@Noe-Notebook MINGW32 /c/xampp/htdocs/Web2/tpe_web2 (master)
$ git branch abm-user

Noe@Noe-Notebook MINGW32 /c/xampp/htdocs/Web2/tpe_web2 (master)
$ git checkout abm-user
Switched to branch 'abm-user'
M       templates/home.tpl
M       templates_c/13655eae936abb887e62557be9906a8c5be59b3e_0.file.home.tpl.php

Noe@Noe-Notebook MINGW32 /c/xampp/htdocs/Web2/tpe_web2 (abm-user)
$ git status
On branch abm-user
Changes not staged for commit:
  (use "git add <file>..." to update what will be committed)
  (use "git restore <file>..." to discard changes in working directory)
        modified:   app/controllers/usuario.controller.php
        modified:   app/models/usuario.model.php
        modified:   css/style.css
        modified:   router.php
        modified:   templates/footer.tpl
        modified:   templates/form_login.tpl
        modified:   templates/form_registro.tpl
        modified:   templates/header.php
        modified:   templates/header.tpl
        modified:   templates/home.tpl
        modified:   templates/servicios.tpl
        modified:   templates/ver_categoria.tpl
        modified:   templates/ver_habitacion.tpl
        modified:   templates_c/13655eae936abb887e62557be9906a8c5be59b3e_0.file.home.tpl.php
        modified:   templates_c/21a165abc360cf3524d4f3261ff180649cd18186_0.file.form_login.tpl.php
        modified:   templates_c/7216e045b9f70a8ef63bb833cab0ef4a5868a112_0.file.header.tpl.php
        modified:   templates_c/9f9f4abfef4dab8b2aaabceecec8e1aebd12f7b7_0.file.servicios.tpl.php
        modified:   templates_c/d9395179d7fb1fd1ad775b3df445e16b9dd62c4e_0.file.footer.tpl.php

Untracked files:
  (use "git add <file>..." to include in what will be committed)
        css/4-col-portfolio.css
        css/font-awesome.css
        img/images.jpg
        templates/head.tpl

no changes added to commit (use "git add" and/or "git commit -a")

Noe@Noe-Notebook MINGW32 /c/xampp/htdocs/Web2/tpe_web2 (abm-user)
$ git add .
warning: LF will be replaced by CRLF in templates_c/13655eae936abb887e62557be9906a8c5be59b3e_0.file.home.tpl.php.
The file will have its original line endings in your working directory
warning: LF will be replaced by CRLF in templates_c/21a165abc360cf3524d4f3261ff180649cd18186_0.file.form_login.tpl.php.
The file will have its original line endings in your working directory
warning: LF will be replaced by CRLF in templates_c/7216e045b9f70a8ef63bb833cab0ef4a5868a112_0.file.header.tpl.php.
The file will have its original line endings in your working directory
warning: LF will be replaced by CRLF in templates_c/9f9f4abfef4dab8b2aaabceecec8e1aebd12f7b7_0.file.servicios.tpl.php.
The file will have its original line endings in your working directory
warning: LF will be replaced by CRLF in templates_c/d9395179d7fb1fd1ad775b3df445e16b9dd62c4e_0.file.footer.tpl.php.
The file will have its original line endings in your working directory

Noe@Noe-Notebook MINGW32 /c/xampp/htdocs/Web2/tpe_web2 (abm-user)
$ git status
On branch abm-user
Changes to be committed:
  (use "git restore --staged <file>..." to unstage)
        modified:   app/controllers/usuario.controller.php
        modified:   app/models/usuario.model.php
        new file:   css/4-col-portfolio.css
        new file:   css/font-awesome.css
        modified:   css/style.css
        new file:   img/images.jpg
        modified:   router.php
        modified:   templates/footer.tpl
        modified:   templates/form_login.tpl
        modified:   templates/form_registro.tpl
        new file:   templates/head.tpl
        modified:   templates/header.php
        modified:   templates/header.tpl
        modified:   templates/home.tpl
        modified:   templates/servicios.tpl
        modified:   templates/ver_categoria.tpl
        modified:   templates/ver_habitacion.tpl
        modified:   templates_c/13655eae936abb887e62557be9906a8c5be59b3e_0.file.home.tpl.php
        modified:   templates_c/21a165abc360cf3524d4f3261ff180649cd18186_0.file.form_login.tpl.php
        modified:   templates_c/7216e045b9f70a8ef63bb833cab0ef4a5868a112_0.file.header.tpl.php
        modified:   templates_c/9f9f4abfef4dab8b2aaabceecec8e1aebd12f7b7_0.file.servicios.tpl.php
        modified:   templates_c/d9395179d7fb1fd1ad775b3df445e16b9dd62c4e_0.file.footer.tpl.php

Changes not staged for commit:
  (use "git add <file>..." to update what will be committed)
  (use "git restore <file>..." to discard changes in working directory)
        modified:   app/controllers/usuario.controller.php
        modified:   router.php
        modified:   templates_c/3780c894e36468b9391a52f1b8777c90e8b6db51_0.file.form_registro.tpl.php


Noe@Noe-Notebook MINGW32 /c/xampp/htdocs/Web2/tpe_web2 (abm-user)
$ git status
On branch abm-user
Changes to be committed:
  (use "git restore --staged <file>..." to unstage)
        modified:   app/controllers/usuario.controller.php
        modified:   app/models/usuario.model.php
        new file:   css/4-col-portfolio.css
        new file:   css/font-awesome.css
        modified:   css/style.css
        new file:   img/images.jpg
        modified:   router.php
        modified:   templates/footer.tpl
        modified:   templates/form_login.tpl
        modified:   templates/form_registro.tpl
        new file:   templates/head.tpl
        modified:   templates/header.php
        modified:   templates/header.tpl
        modified:   templates/home.tpl
        modified:   templates/servicios.tpl
        modified:   templates/ver_categoria.tpl
        modified:   templates/ver_habitacion.tpl
        modified:   templates_c/13655eae936abb887e62557be9906a8c5be59b3e_0.file.home.tpl.php
        modified:   templates_c/21a165abc360cf3524d4f3261ff180649cd18186_0.file.form_login.tpl.php
        modified:   templates_c/7216e045b9f70a8ef63bb833cab0ef4a5868a112_0.file.header.tpl.php
        modified:   templates_c/9f9f4abfef4dab8b2aaabceecec8e1aebd12f7b7_0.file.servicios.tpl.php
        modified:   templates_c/d9395179d7fb1fd1ad775b3df445e16b9dd62c4e_0.file.footer.tpl.php

Changes not staged for commit:
  (use "git add <file>..." to update what will be committed)
  (use "git restore <file>..." to discard changes in working directory)
        modified:   .gitignore
        modified:   app/controllers/usuario.controller.php
        modified:   router.php
        modified:   templates_c/3780c894e36468b9391a52f1b8777c90e8b6db51_0.file.form_registro.tpl.php


Noe@Noe-Notebook MINGW32 /c/xampp/htdocs/Web2/tpe_web2 (abm-user)
$ git add .
warning: LF will be replaced by CRLF in templates_c/3780c894e36468b9391a52f1b8777c90e8b6db51_0.file.form_registro.tpl.php.
The file will have its original line endings in your working directory

Noe@Noe-Notebook MINGW32 /c/xampp/htdocs/Web2/tpe_web2 (abm-user)
$ git status
On branch abm-user
Changes to be committed:
  (use "git restore --staged <file>..." to unstage)
        modified:   .gitignore
        modified:   app/controllers/usuario.controller.php
        modified:   app/models/usuario.model.php
        new file:   css/4-col-portfolio.css
        new file:   css/font-awesome.css
        modified:   css/style.css
        new file:   img/images.jpg
        modified:   router.php
        modified:   templates/footer.tpl
        modified:   templates/form_login.tpl
        modified:   templates/form_registro.tpl
        new file:   templates/head.tpl
        modified:   templates/header.php
        modified:   templates/header.tpl
        modified:   templates/home.tpl
        modified:   templates/servicios.tpl
        modified:   templates/ver_categoria.tpl
        modified:   templates/ver_habitacion.tpl
        modified:   templates_c/13655eae936abb887e62557be9906a8c5be59b3e_0.file.home.tpl.php
        modified:   templates_c/21a165abc360cf3524d4f3261ff180649cd18186_0.file.form_login.tpl.php
        modified:   templates_c/3780c894e36468b9391a52f1b8777c90e8b6db51_0.file.form_registro.tpl.php
        modified:   templates_c/7216e045b9f70a8ef63bb833cab0ef4a5868a112_0.file.header.tpl.php
        modified:   templates_c/9f9f4abfef4dab8b2aaabceecec8e1aebd12f7b7_0.file.servicios.tpl.php
        modified:   templates_c/d9395179d7fb1fd1ad775b3df445e16b9dd62c4e_0.file.footer.tpl.php


Noe@Noe-Notebook MINGW32 /c/xampp/htdocs/Web2/tpe_web2 (abm-user)
$ git status
On branch abm-user
Changes to be committed:
  (use "git restore --staged <file>..." to unstage)
        modified:   .gitignore
        modified:   app/controllers/usuario.controller.php
        modified:   app/models/usuario.model.php
        new file:   css/4-col-portfolio.css
        new file:   css/font-awesome.css
        modified:   css/style.css
        new file:   img/images.jpg
        modified:   router.php
        modified:   templates/footer.tpl
        modified:   templates/form_login.tpl
        modified:   templates/form_registro.tpl
        new file:   templates/head.tpl
        modified:   templates/header.php
        modified:   templates/header.tpl
        modified:   templates/home.tpl
        modified:   templates/servicios.tpl
        modified:   templates/ver_categoria.tpl
        modified:   templates/ver_habitacion.tpl
        modified:   templates_c/13655eae936abb887e62557be9906a8c5be59b3e_0.file.home.tpl.php
        modified:   templates_c/21a165abc360cf3524d4f3261ff180649cd18186_0.file.form_login.tpl.php
        modified:   templates_c/3780c894e36468b9391a52f1b8777c90e8b6db51_0.file.form_registro.tpl.php
        modified:   templates_c/7216e045b9f70a8ef63bb833cab0ef4a5868a112_0.file.header.tpl.php
        modified:   templates_c/9f9f4abfef4dab8b2aaabceecec8e1aebd12f7b7_0.file.servicios.tpl.php
        modified:   templates_c/d9395179d7fb1fd1ad775b3df445e16b9dd62c4e_0.file.footer.tpl.php

Changes not staged for commit:
  (use "git add <file>..." to update what will be committed)
  (use "git restore <file>..." to discard changes in working directory)
        modified:   app/controllers/habitacion.controller.php
        modified:   app/controllers/usuario.controller.php
        modified:   app/models/usuario.model.php
        modified:   app/views/admin.habitacion.view.php
        modified:   templates/form_registro.tpl
        modified:   templates_c/3780c894e36468b9391a52f1b8777c90e8b6db51_0.file.form_registro.tpl.php

Untracked files:
  (use "git add <file>..." to include in what will be committed)
        templates/form_crear_habitacion.tpl
        templates/form_editar_habitacion.tpl


Noe@Noe-Notebook MINGW32 /c/xampp/htdocs/Web2/tpe_web2 (abm-user)
$ git add .
warning: LF will be replaced by CRLF in templates_c/3780c894e36468b9391a52f1b8777c90e8b6db51_0.file.form_registro.tpl.php.
The file will have its original line endings in your working directory

Noe@Noe-Notebook MINGW32 /c/xampp/htdocs/Web2/tpe_web2 (abm-user)
$ git commit - "Termine funcionalidad del agregar usuario falta la modificacion"
error: pathspec '-' did not match any file(s) known to git
error: pathspec 'Termine funcionalidad del agregar usuario falta la modificacion' did not match any file(s) known to git

Noe@Noe-Notebook MINGW32 /c/xampp/htdocs/Web2/tpe_web2 (abm-user)
$ git commit -m "Termine funcionalidad del agregar usuario falta la modificacion"
[abm-user 51cb6ec] Termine funcionalidad del agregar usuario falta la modificacion
 28 files changed, 543 insertions(+), 518 deletions(-)
 create mode 100644 css/4-col-portfolio.css
 create mode 100644 css/font-awesome.css
 create mode 100644 img/images.jpg
 rewrite templates/footer.tpl (100%)
 create mode 100644 templates/form_crear_habitacion.tpl
 create mode 100644 templates/form_editar_habitacion.tpl
 rewrite templates/form_login.tpl (99%)
 rewrite templates/form_registro.tpl (98%)
 create mode 100644 templates/head.tpl
 rewrite templates/ver_categoria.tpl (94%)
 rewrite templates/ver_habitacion.tpl (94%)
 rewrite templates_c/21a165abc360cf3524d4f3261ff180649cd18186_0.file.form_login.tpl.php (77%)
 rewrite templates_c/3780c894e36468b9391a52f1b8777c90e8b6db51_0.file.form_registro.tpl.php (84%)

Noe@Noe-Notebook MINGW32 /c/xampp/htdocs/Web2/tpe_web2 (abm-user)
$ git status
On branch abm-user
Changes not staged for commit:
  (use "git add <file>..." to update what will be committed)
  (use "git restore <file>..." to discard changes in working directory)
        modified:   app/controllers/usuario.controller.php
        modified:   app/models/usuario.model.php
        modified:   router.php

Untracked files:
  (use "git add <file>..." to include in what will be committed)
        templates/form_actualizar_pass.tpl

no changes added to commit (use "git add" and/or "git commit -a")

Noe@Noe-Notebook MINGW32 /c/xampp/htdocs/Web2/tpe_web2 (abm-user)
$ git add .

/* RE CONFIRMO UN COMMIT QUE ME HABIA QUEDADO MAL UNOS ARCHIVOS solo quise cambiar los archivos no el mensaje asique se hace como se muestra a continuacion en mi rama */
Noe@Noe-Notebook MINGW32 /c/xampp/htdocs/Web2/tpe_web2 (abm-user)
$ git commit --amend    
[abm-user 6cf4054] Termine funcionalidad del agregar usuario falta la modificacion
 Date: Thu Oct 1 21:14:41 2020 -0300
 29 files changed, 631 insertions(+), 524 deletions(-)
 create mode 100644 css/4-col-portfolio.css
 create mode 100644 css/font-awesome.css
 create mode 100644 img/images.jpg
 rewrite templates/footer.tpl (100%)
 create mode 100644 templates/form_actualizar_pass.tpl
 create mode 100644 templates/form_crear_habitacion.tpl
 create mode 100644 templates/form_editar_habitacion.tpl
 rewrite templates/form_login.tpl (99%)
 rewrite templates/form_registro.tpl (98%)
 create mode 100644 templates/head.tpl
 rewrite templates/ver_categoria.tpl (94%)
 rewrite templates/ver_habitacion.tpl (94%)
 rewrite templates_c/21a165abc360cf3524d4f3261ff180649cd18186_0.file.form_login.tpl.php (77%)
 rewrite templates_c/3780c894e36468b9391a52f1b8777c90e8b6db51_0.file.form_registro.tpl.php (84%)
